{
  "timeZone": "Etc/UTC",
  "exceptionLogging": "STACKDRIVER",
  "oauthScopes": [
    "https://www.googleapis.com/auth/script.external_request"
  ]
}